
[1m[46m RUN [49m[22m [36mv4.0.18 [39m[90m/Users/surajsatyarthi/Desktop/antigravity-directory[39m

[90mstdout[2m | tests/integration/components/SubmitForm.test.tsx
[22m[39m[dotenv@17.2.3] injecting env (15) from .env.test -- tip: ⚙️  override existing env vars with { override: true }

 [31m❯[39m tests/integration/components/SubmitForm.test.tsx [2m([22m[2m6 tests[22m[2m | [22m[31m1 failed[39m[2m)[22m[33m 3845[2mms[22m[39m
[31m       [31m×[31m shows validation error when submitting without required fields[39m[33m 2506[2mms[22m[39m
       [33m[2m✓[22m[39m validates URL format [33m 463[2mms[22m[39m
       [32m✓[39m displays free categories correctly[32m 69[2mms[22m[39m
       [32m✓[39m updates button text based on category selection[32m 238[2mms[22m[39m
       [33m[2m✓[22m[39m opens checkout overlay on valid submission [33m 413[2mms[22m[39m
       [32m✓[39m sanitizes script tags in input fields[32m 148[2mms[22m[39m

[31m⎯⎯⎯⎯⎯⎯⎯[39m[1m[41m Failed Tests 1 [49m[22m[31m⎯⎯⎯⎯⎯⎯⎯[39m

[41m[1m FAIL [22m[49m tests/integration/components/SubmitForm.test.tsx[2m > [22mSubmitForm Component[2m > [22mForm Validation[2m > [22mshows validation error when submitting without required fields
[31m[1mTestingLibraryElementError[22m[39m: Unable to find an element with the text: /Please provide at least a Title and Description/i. This could be because the text is broken up by multiple elements. In this case, you can provide a function for your text matcher to make your matcher more flexible.

Ignored nodes: comments, script, style
[36m<body>[39m
  [36m<div>[39m
    [36m<div[39m
      [33mclass[39m=[32m"max-w-6xl mx-auto px-4 py-12 animate-in fade-in duration-1000"[39m
    [36m>[39m
      [36m<div[39m
        [33mclass[39m=[32m"text-center mb-16"[39m
      [36m>[39m
        [36m<div[39m
          [33mclass[39m=[32m"inline-flex items-center gap-2 px-3 py-1.5 rounded-full bg-emerald-500/10 border border-emerald-500/20 mb-6"[39m
        [36m>[39m
          [36m<span[39m
            [33mclass[39m=[32m"relative flex h-2 w-2"[39m
          [36m>[39m
            [36m<span[39m
              [33mclass[39m=[32m"animate-ping absolute inline-flex h-full w-full rounded-full bg-emerald-400 opacity-75"[39m
            [36m/>[39m
            [36m<span[39m
              [33mclass[39m=[32m"relative inline-flex rounded-full h-2 w-2 bg-emerald-500"[39m
            [36m/>[39m
          [36m</span>[39m
          [36m<span[39m
            [33mclass[39m=[32m"text-xs font-black text-emerald-500 uppercase tracking-widest leading-none"[39m
          [36m>[39m
            [0mLaunch Pricing - Early Adopter Rate[0m
          [36m</span>[39m
        [36m</div>[39m
        [36m<h1[39m
          [33mclass[39m=[32m"text-4xl md:text-5xl font-black text-white tracking-tighter mb-4"[39m
        [36m>[39m
          [0mSubmit Your Tool to [0m
          [36m<span[39m
            [33mclass[39m=[32m"text-emerald-500"[39m
          [36m>[39m
            [0mAntigravity[0m
          [36m</span>[39m
        [36m</h1>[39m
        [36m<p[39m
          [33mclass[39m=[32m"text-gray-500 max-w-2xl mx-auto text-lg"[39m
        [36m>[39m
          [0mJoin the most authoritative hub for agentic development. Reach high-intent users and secure your permanent SEO footprint.[0m
        [36m</p>[39m
      [36m</div>[39m
      [36m<div[39m
        [33mclass[39m=[32m"space-y-8 max-w-3xl mx-auto mb-16"[39m
      [36m>[39m
        [36m<div[39m
          [33mclass[39m=[32m"bg-[#050505] border border-white/5 rounded-3xl p-8 space-y-10 border-l-emerald-500/20 border-l-2"[39m
        [36m>[39m
          [36m<h3[39m
            [33mclass[39m=[32m"text-sm font-black text-gray-500 uppercase tracking-widest border-b border-white/5 pb-4"[39m
          [36m>[39m
            [0mWhy Top Tools Launch Here[0m
          [36m</h3>[39m
          [36m<div[39m
            [33mclass[39m=[32m"space-y-8"[39m
          [36m>[39m
            [36m<div[39m
              [33mclass[39m=[32m"flex gap-4"[39m
            [36m>[39m
              [36m<div[39m
                [33mclass[39m=[32m"w-10 h-10 rounded-xl bg-emerald-500/10 flex items-center justify-center shrink-0"[39m
              [36m>[39m
                [36m<svg[39m
                  [33maria-hidden[39m=[32m"true"[39m
                  [33mclass[39m=[32m"lucide lucide-earth w-5 h-5 text-emerald-500"[39m
                  [33mfill[39m=[32m"none"[39m
                  [33mheight[39m=[32m"24"[39m
                  [33mstroke[39m=[32m"currentColor"[39m
                  [33mstroke-linecap[39m=[32m"round"[39m
                  [33mstroke-linejoin[39m=[32m"round"[39m
                  [33mstroke-width[39m=[32m"2"[39m
                  [33mviewBox[39m=[32m"0 0 24 24"[39m
                  [33mwidth[39m=[32m"24"[39m
                  [33mxmlns[39m=[32m"http://www.w3.org/2000/svg"[39m
                [36m>[39m
                  [36m<path[39m
                    [33md[39m=[32m"M21.54 15H17a2 2 0 0 0-2 2v4.54"[39m
                  [36m/>[39m
                  [36m<path[39m
                    [33md[39m=[32m"M7 3.34V5a3 3 0 0 0 3 3a2 2 0 0 1 2 2c0 1.1.9 2 2 2a2 2 0 0 0 2-2c0-1.1.9-2 2-2h3.17"[39m
                  [36m/>[39m
                  [36m<path[39m
                    [33md[39m=[32m"M11 21.95V18a2 2 0 0 0-2-2a2 2 0 0 1-2-2v-1a2 2 0 0 0-2-2H2.05"[39m
                  [36m/>[39m
                  [36m<circle[39m
                    [33mcx[39m=[32m"12"[39m
                    [33mcy[39m=[32m"12"[39m
                    [33mr[39m=[32m"10"[39m
                  [36m/>[39m
                [36m</svg>[39m
              [36m</div>[39m
              [36m<div>[39m
                [36m<h4[39m
                  [33mclass[39m=[32m"text-base font-black text-white uppercase tracking-wider mb-2"[39m
                [36m>[39m
                  [0mMassive Exposure[0m
                [36m</h4>[39m
                [36m<p[39m
                  [33mclass[39m=[32m"text-sm text-gray-500 leading-relaxed font-medium"[39m
                [36m>[39m
                  [0mReach 2M+ active AI seekers every month looking for tools like yours.[0m
                [36m</p>[39m
              [36m</div>[39m
            [36m</div>[39m
            [36m<div[39m
              [33mclass[39m=[32m"flex gap-4"[39m
            [36m>[39m
              [36m<div[39m
                [33mclass[39m=[32m"w-10 h-10 rounded-xl bg-blue-500/10 flex items-center justify-center shrink-0"[39m
              [36m>[39m
                [36m<svg[39m
                  [33maria-hidden[39m=[32m"true"[39m
                  [33mclass[39m=[32m"lucide lucide-search w-5 h-5 text-blue-500"[39m
                  [33mfill[39m=[32m"none"[39m
                  [33mheight[39m=[32m"24"[39m
                  [33mstroke[39m=[32m"currentColor"[39m
                  [33mstroke-linecap[39m=[32m"round"[39m
                  [33mstroke-linejoin[39m=[32m"round"[39m
                  [33mstroke-width[39m=[32m"2"[39m
                  [33mviewBox[39m=[32m"0 0 24 24"[39m
                  [33mwidth[39m=[32m"24"[39m
                  [33mxmlns[39m=[32m"http://www.w3.org/2000/svg"[39m
                [36m>[39m
                  [36m<path[39m
                    [33md[39m=[32m"m21 21-4.34-4.34"[39m
                  [36m/>[39m
                  [36m<circle[39m
                    [33mcx[39m=[32m"11"[39m
                    [33mcy[39m=[32m"11"[39m
                    [33mr[39m=[32m"8"[39m
                  [36m/>[39m
                [36m</svg>[39m
              [36m</div>[39m
              [36m<div>[39m
                [36m<h4[39m
                  [33mclass[39m=[32m"text-base font-black text-white uppercase tracking-wider mb-2"[39m
                [36m>[39m
                  [0mSEO Benchmark (Do-Follow)[0m
                [36m</h4>[39m
                [36m<p[39m
                  [33mclass[39m=[32m"text-sm text-gray-500 leading-relaxed font-medium"[39m
                [36m>[39m
                  [0mBoost your domain authority with a high-quality, permanent do-follow backlink.[0m
                [36m</p>[39m
              [36m</div>[39m
            [36m</div>[39m
            [36m<div[39m
              [33mclass[39m=[32m"flex...

Ignored nodes: comments, script, style
[36m<html>[39m
  [36m<head />[39m
  [36m<body>[39m
    [36m<div>[39m
      [36m<div[39m
        [33mclass[39m=[32m"max-w-6xl mx-auto px-4 py-12 animate-in fade-in duration-1000"[39m
      [36m>[39m
        [36m<div[39m
          [33mclass[39m=[32m"text-center mb-16"[39m
        [36m>[39m
          [36m<div[39m
            [33mclass[39m=[32m"inline-flex items-center gap-2 px-3 py-1.5 rounded-full bg-emerald-500/10 border border-emerald-500/20 mb-6"[39m
          [36m>[39m
            [36m<span[39m
              [33mclass[39m=[32m"relative flex h-2 w-2"[39m
            [36m>[39m
              [36m<span[39m
                [33mclass[39m=[32m"animate-ping absolute inline-flex h-full w-full rounded-full bg-emerald-400 opacity-75"[39m
              [36m/>[39m
              [36m<span[39m
                [33mclass[39m=[32m"relative inline-flex rounded-full h-2 w-2 bg-emerald-500"[39m
              [36m/>[39m
            [36m</span>[39m
            [36m<span[39m
              [33mclass[39m=[32m"text-xs font-black text-emerald-500 uppercase tracking-widest leading-none"[39m
            [36m>[39m
              [0mLaunch Pricing - Early Adopter Rate[0m
            [36m</span>[39m
          [36m</div>[39m
          [36m<h1[39m
            [33mclass[39m=[32m"text-4xl md:text-5xl font-black text-white tracking-tighter mb-4"[39m
          [36m>[39m
            [0mSubmit Your Tool to [0m
            [36m<span[39m
              [33mclass[39m=[32m"text-emerald-500"[39m
            [36m>[39m
              [0mAntigravity[0m
            [36m</span>[39m
          [36m</h1>[39m
          [36m<p[39m
            [33mclass[39m=[32m"text-gray-500 max-w-2xl mx-auto text-lg"[39m
          [36m>[39m
            [0mJoin the most authoritative hub for agentic development. Reach high-intent users and secure your permanent SEO footprint.[0m
          [36m</p>[39m
        [36m</div>[39m
        [36m<div[39m
          [33mclass[39m=[32m"space-y-8 max-w-3xl mx-auto mb-16"[39m
        [36m>[39m
          [36m<div[39m
            [33mclass[39m=[32m"bg-[#050505] border border-white/5 rounded-3xl p-8 space-y-10 border-l-emerald-500/20 border-l-2"[39m
          [36m>[39m
            [36m<h3[39m
              [33mclass[39m=[32m"text-sm font-black text-gray-500 uppercase tracking-widest border-b border-white/5 pb-4"[39m
            [36m>[39m
              [0mWhy Top Tools Launch Here[0m
            [36m</h3>[39m
            [36m<div[39m
              [33mclass[39m=[32m"space-y-8"[39m
            [36m>[39m
              [36m<div[39m
                [33mclass[39m=[32m"flex gap-4"[39m
              [36m>[39m
                [36m<div[39m
                  [33mclass[39m=[32m"w-10 h-10 rounded-xl bg-emerald-500/10 flex items-center justify-center shrink-0"[39m
                [36m>[39m
                  [36m<svg[39m
                    [33maria-hidden[39m=[32m"true"[39m
                    [33mclass[39m=[32m"lucide lucide-earth w-5 h-5 text-emerald-500"[39m
                    [33mfill[39m=[32m"none"[39m
                    [33mheight[39m=[32m"24"[39m
                    [33mstroke[39m=[32m"currentColor"[39m
                    [33mstroke-linecap[39m=[32m"round"[39m
                    [33mstroke-linejoin[39m=[32m"round"[39m
                    [33mstroke-width[39m=[32m"2"[39m
                    [33mviewBox[39m=[32m"0 0 24 24"[39m
                    [33mwidth[39m=[32m"24"[39m
                    [33mxmlns[39m=[32m"http://www.w3.org/2000/svg"[39m
                  [36m>[39m
                    [36m<path[39m
                      [33md[39m=[32m"M21.54 15H17a2 2 0 0 0-2 2v4.54"[39m
                    [36m/>[39m
                    [36m<path[39m
                      [33md[39m=[32m"M7 3.34V5a3 3 0 0 0 3 3a2 2 0 0 1 2 2c0 1.1.9 2 2 2a2 2 0 0 0 2-2c0-1.1.9-2 2-2h3.17"[39m
                    [36m/>[39m
                    [36m<path[39m
                      [33md[39m=[32m"M11 21.95V18a2 2 0 0 0-2-2a2 2 0 0 1-2-2v-1a2 2 0 0 0-2-2H2.05"[39m
                    [36m/>[39m
                    [36m<circle[39m
                      [33mcx[39m=[32m"12"[39m
                      [33mcy[39m=[32m"12"[39m
                      [33mr[39m=[32m"10"[39m
                    [36m/>[39m
                  [36m</svg>[39m
                [36m</div>[39m
                [36m<div>[39m
                  [36m<h4[39m
                    [33mclass[39m=[32m"text-base font-black text-white uppercase tracking-wider mb-2"[39m
                  [36m>[39m
                    [0mMassive Exposure[0m
                  [36m</h4>[39m
                  [36m<p[39m
                    [33mclass[39m=[32m"text-sm text-gray-500 leading-relaxed font-medium"[39m
                  [36m>[39m
                    [0mReach 2M+ active AI seekers every month looking for tools like yours.[0m
                  [36m</p>[39m
                [36m</div>[39m
              [36m</div>[39m
              [36m<div[39m
                [33mclass[39m=[32m"flex gap-4"[39m
              [36m>[39m
                [36m<div[39m
                  [33mclass[39m=[32m"w-10 h-10 rounded-xl bg-blue-500/10 flex items-center justify-center shrink-0"[39m
                [36m>[39m
                  [36m<svg[39m
                    [33maria-hidden[39m=[32m"true"[39m
                    [33mclass[39m=[32m"lucide lucide-search w-5 h-5 text-blue-500"[39m
                    [33mfill[39m=[32m"none"[39m
                    [33mheight[39m=[32m"24"[39m
                    [33mstroke[39m=[32m"currentColor"[39m
                    [33mstroke-linecap[39m=[32m"round"[39m
                    [33mstroke-linejoin[39m=[32m"round"[39m
                    [33mstroke-width[39m=[32m"2"[39m
                    [33mviewBox[39m=[32m"0 0 24 24"[39m
                    [33mwidth[39m=[32m"24"[39m
                    [33mxmlns[39m=[32m"http://www.w3.org/2000/svg"[39m
                  [36m>[39m
                    [36m<path[39m
                      [33md[39m=[32m"m21 21-4.34-4.34"[39m
                    [36m/>[39m
                    [36m<circle[39m
                      [33mcx[39m=[32m"11"[39m
                      [33mcy[39m=[32m"11"[39m
                      [33mr[39m=[32m"8"[39m
                    [36m/>[39m
                  [36m</svg>[39m
                [36m</div>[39m
                [36m<div>[39m
                  [36m<h4[39m
                    [33mclass[39m=[32m"text-base font-black text-white uppercase tracking-wider mb-2"[39m
                  [36m>[39m
                    [0mSEO Benchmark (Do-Follow)[0m
                  [36m</h4>[39m
                  [36m<p[39m
                    [33mclass[39m=[32m"text-sm text-gray-500 lea...
[90m [2m❯[22m Proxy.waitForWrapper node_modules/.pnpm/@testing-library+dom@10.4.1/node_modules/@testing-library/dom/dist/wait-for.js:[2m163:27[22m[39m
[36m [2m❯[22m tests/integration/components/SubmitForm.test.tsx:[2m42:13[22m[39m
    [90m 40| [39m      [35mawait[39m user[33m.[39m[34mclick[39m(submitButton)[33m;[39m
    [90m 41| [39m
    [90m 42| [39m      [35mawait[39m [34mwaitFor[39m(() [33m=>[39m {
    [90m   | [39m            [31m^[39m
    [90m 43| [39m        expect(screen.getByText(/Please provide at least a Title and D…
    [90m 44| [39m      })[33m;[39m

[31m[2m⎯⎯⎯⎯⎯⎯⎯⎯⎯⎯⎯⎯⎯⎯⎯⎯⎯⎯⎯⎯⎯⎯⎯⎯[1/1]⎯[22m[39m


[2m Test Files [22m [1m[31m1 failed[39m[22m[90m (1)[39m
[2m      Tests [22m [1m[31m1 failed[39m[22m[2m | [22m[1m[32m5 passed[39m[22m[90m (6)[39m
[2m   Start at [22m 00:14:41
[2m   Duration [22m 16.24s[2m (transform 770ms, setup 2.54s, import 3.39s, tests 3.84s, environment 5.72s)[22m

